2024-03-06 13:07:53,424:INFO: device: cuda:0
2024-03-06 13:10:46,871:INFO: device: cuda:0
2024-03-06 13:11:34,347:INFO: device: cuda:0
2024-03-06 13:12:14,077:INFO: device: cuda:0
2024-03-06 13:13:51,479:INFO: device: cuda:0
2024-03-06 13:14:03,688:INFO: device: cuda:0
2024-03-06 13:14:28,599:INFO: device: cuda:0
2024-03-06 13:15:28,229:INFO: device: cuda:0
2024-03-06 13:18:08,026:INFO: device: cuda:0
2024-03-06 13:19:25,144:INFO: device: cuda:0
2024-03-06 13:20:42,450:INFO: device: cuda:0
2024-03-06 13:21:56,164:INFO: device: cuda:0
2024-03-06 13:36:43,133:INFO: device: cuda:0
2024-03-06 13:42:50,612:INFO: device: cuda:0
2024-03-06 13:42:50,624:INFO: -------- train data process DONE!--------
2024-03-06 13:42:50,634:INFO: -------- test data process DONE!--------
2024-03-06 13:42:50,646:INFO: -------- Vocabulary Build! --------
2024-03-06 13:44:40,582:INFO: device: cuda:0
2024-03-06 13:44:40,593:INFO: -------- train data process DONE!--------
2024-03-06 13:44:40,609:INFO: -------- test data process DONE!--------
2024-03-06 13:44:40,614:INFO: -------- Vocabulary Loaded! --------
2024-03-06 13:50:21,955:INFO: device: cuda:0
2024-03-06 13:50:21,967:INFO: -------- train data process DONE!--------
2024-03-06 13:50:21,977:INFO: -------- test data process DONE!--------
2024-03-06 13:50:21,990:INFO: -------- Vocabulary Build! --------
2024-03-06 13:50:43,722:INFO: device: cuda:0
2024-03-06 13:50:43,726:INFO: -------- Vocabulary Loaded! --------
2024-03-06 13:50:43,735:INFO: -------- Process Done! --------
2024-03-06 13:50:43,735:INFO: -------- Process Done! --------
2024-03-06 13:52:48,594:INFO: device: mps
2024-03-06 13:52:48,599:INFO: -------- Vocabulary Loaded! --------
2024-03-06 13:52:48,607:INFO: -------- Process Done! --------
2024-03-06 13:52:48,608:INFO: -------- Process Done! --------
2024-03-06 13:53:32,860:INFO: device: cpu
2024-03-06 13:53:32,865:INFO: -------- Vocabulary Loaded! --------
2024-03-06 13:53:32,872:INFO: -------- Process Done! --------
2024-03-06 13:53:32,873:INFO: -------- Process Done! --------
2024-03-06 13:53:39,923:INFO: epoch: 1, train loss: 523.9094469793912
2024-03-06 13:53:40,768:INFO: epoch: 1, f1 score: 0, dev loss: 498.936572265625
2024-03-06 13:53:44,781:INFO: epoch: 2, train loss: 470.2460179822198
2024-03-06 13:53:45,623:INFO: epoch: 2, f1 score: 0, dev loss: 395.6935791015625
2024-03-06 13:53:49,319:INFO: epoch: 3, train loss: 286.2021556722707
2024-03-06 13:53:50,157:INFO: epoch: 3, f1 score: 0, dev loss: 123.89520263671875
2024-03-06 13:53:53,789:INFO: epoch: 4, train loss: 111.03200853282007
2024-03-06 13:53:54,899:INFO: epoch: 4, f1 score: 0, dev loss: 93.84788208007812
2024-03-06 13:53:58,609:INFO: epoch: 5, train loss: 98.1435163103301
2024-03-06 13:53:59,443:INFO: epoch: 5, f1 score: 0, dev loss: 89.01414794921875
2024-03-06 13:54:03,116:INFO: epoch: 6, train loss: 90.39932303593076
2024-03-06 13:54:03,938:INFO: epoch: 6, f1 score: 0, dev loss: 85.16439208984374
2024-03-06 13:54:07,973:INFO: epoch: 7, train loss: 87.31751890840202
2024-03-06 13:54:08,792:INFO: epoch: 7, f1 score: 0, dev loss: 83.12839965820312
2024-03-06 13:54:12,305:INFO: epoch: 8, train loss: 83.33163892811743
2024-03-06 13:54:13,113:INFO: epoch: 8, f1 score: 0, dev loss: 81.32156982421876
2024-03-06 13:54:18,186:INFO: epoch: 9, train loss: 80.5897981051741
2024-03-06 13:54:19,039:INFO: epoch: 9, f1 score: 0, dev loss: 84.11071166992187
2024-03-06 13:54:22,589:INFO: epoch: 10, train loss: 79.6943209417935
2024-03-06 13:54:23,398:INFO: epoch: 10, f1 score: 0, dev loss: 82.13848266601562
2024-03-06 13:54:28,402:INFO: epoch: 11, train loss: 78.80550017850152
2024-03-06 13:54:29,576:INFO: epoch: 11, f1 score: 0, dev loss: 81.84838256835937
2024-03-06 13:54:34,588:INFO: epoch: 12, train loss: 77.55144527040679
2024-03-06 13:54:35,813:INFO: epoch: 12, f1 score: 0, dev loss: 81.48754272460937
2024-03-06 13:54:40,620:INFO: epoch: 13, train loss: 76.45804924800478
2024-03-06 13:54:41,446:INFO: epoch: 13, f1 score: 0, dev loss: 85.01834106445312
2024-03-06 13:54:45,019:INFO: epoch: 14, train loss: 76.29981820336704
2024-03-06 13:54:45,845:INFO: epoch: 14, f1 score: 0, dev loss: 81.92086791992188
2024-03-06 13:54:50,025:INFO: epoch: 15, train loss: 75.48702516226933
2024-03-06 13:54:50,863:INFO: epoch: 15, f1 score: 0, dev loss: 78.52925415039063
2024-03-06 13:54:55,024:INFO: epoch: 16, train loss: 76.10642357530266
2024-03-06 13:54:55,853:INFO: epoch: 16, f1 score: 0, dev loss: 78.26609497070312
2024-03-06 13:54:55,853:INFO: Best val f1: 0.0
2024-03-06 13:54:55,853:INFO: Training Finished!
2024-03-06 13:54:55,863:INFO: -------- Process Done! --------
2024-03-06 13:55:40,682:INFO: device: cpu
2024-03-06 13:55:40,687:INFO: -------- Vocabulary Loaded! --------
2024-03-06 13:55:40,694:INFO: -------- Process Done! --------
2024-03-06 13:55:40,695:INFO: -------- Process Done! --------
2024-03-06 13:55:44,796:INFO: epoch: 1, train loss: 570.5574582856277
2024-03-06 13:55:45,646:INFO: epoch: 1, f1 score: 0, dev loss: 548.4703125
2024-03-06 13:55:45,647:INFO: Best val f1: 0.0
2024-03-06 13:55:45,647:INFO: Training Finished!
2024-03-06 13:55:45,654:INFO: -------- Process Done! --------
2024-03-06 14:23:13,482:INFO: device: cpu
2024-03-06 14:23:41,750:INFO: device: cpu
2024-03-06 14:23:41,766:INFO: -------- train data process DONE!--------
2024-03-06 14:23:41,773:INFO: -------- test data process DONE!--------
2024-03-06 14:23:41,786:INFO: -------- Vocabulary Build! --------
2024-03-06 14:23:41,795:INFO: -------- Process Done! --------
2024-03-06 14:23:41,796:INFO: -------- Process Done! --------
2024-03-06 14:23:48,098:INFO: epoch: 1, train loss: 342.7622907922623
2024-03-06 14:23:50,143:INFO: epoch: 1, f1 score: 0.006557377049180328, dev loss: 294.7198486328125
2024-03-06 14:23:50,158:INFO: --------Save best model!--------
2024-03-06 14:23:50,158:INFO: Best val f1: 0.006557377049180328
2024-03-06 14:23:50,158:INFO: Training Finished!
2024-03-06 14:23:50,163:INFO: -------- Process Done! --------
2024-03-06 14:23:50,171:INFO: --------Load model from ./models/BiLSTM-CRF/experiments/fnner/model.pth--------
2024-03-06 14:23:52,815:INFO: --------Records reserved !--------
2024-03-06 14:23:52,826:INFO: --------Bad Cases reserved !--------
2024-03-06 14:23:52,834:INFO: final test loss: 283.9144287109375, f1 score: 0.01003344481605351
2024-03-06 14:23:52,834:INFO: f1 score of Nutrient: 0.013100436681222707
2024-03-06 14:23:52,834:INFO: f1 score of NotNutrient: 0
2024-03-06 14:23:52,834:INFO: f1 score of Food: 0
2024-03-06 14:23:52,834:INFO: f1 score of Group: 0
2024-03-06 14:23:52,834:INFO: f1 score of Organ: 0
2024-03-06 14:23:52,834:INFO: f1 score of Disease: 0
2024-03-06 14:24:23,285:INFO: device: cpu
2024-03-06 14:24:23,290:INFO: -------- Vocabulary Loaded! --------
2024-03-06 14:24:23,300:INFO: -------- Process Done! --------
2024-03-06 14:24:23,301:INFO: -------- Process Done! --------
2024-03-06 14:24:29,706:INFO: epoch: 1, train loss: 544.4476480686918
2024-03-06 14:24:31,064:INFO: epoch: 1, f1 score: 0, dev loss: 505.66241455078125
2024-03-06 14:24:38,354:INFO: epoch: 2, train loss: 329.76355329472966
2024-03-06 14:24:40,320:INFO: epoch: 2, f1 score: 0, dev loss: 149.7797088623047
2024-03-06 14:24:48,875:INFO: epoch: 3, train loss: 120.21860142971607
2024-03-06 14:24:50,269:INFO: epoch: 3, f1 score: 0, dev loss: 106.38675689697266
2024-03-06 14:24:56,546:INFO: epoch: 4, train loss: 103.76442677923974
2024-03-06 14:24:57,900:INFO: epoch: 4, f1 score: 0, dev loss: 96.32638549804688
2024-03-06 14:25:04,090:INFO: epoch: 5, train loss: 96.70438567628251
2024-03-06 14:25:05,463:INFO: epoch: 5, f1 score: 0, dev loss: 91.38665008544922
2024-03-06 14:25:12,704:INFO: epoch: 6, train loss: 95.47216664983871
2024-03-06 14:25:14,082:INFO: epoch: 6, f1 score: 0, dev loss: 94.2783203125
2024-03-06 14:25:20,283:INFO: epoch: 7, train loss: 89.48740342322816
2024-03-06 14:25:21,673:INFO: epoch: 7, f1 score: 0, dev loss: 89.72806549072266
2024-03-06 14:25:27,716:INFO: epoch: 8, train loss: 90.22068157601863
2024-03-06 14:25:29,086:INFO: epoch: 8, f1 score: 0, dev loss: 88.26036071777344
2024-03-06 14:25:35,433:INFO: epoch: 9, train loss: 87.85923316630911
2024-03-06 14:25:36,815:INFO: epoch: 9, f1 score: 0, dev loss: 89.41398620605469
2024-03-06 14:25:42,902:INFO: epoch: 10, train loss: 87.35950388806931
2024-03-06 14:25:44,466:INFO: epoch: 10, f1 score: 0, dev loss: 89.04312133789062
2024-03-06 14:25:50,582:INFO: epoch: 11, train loss: 84.8067974536977
2024-03-06 14:25:51,936:INFO: epoch: 11, f1 score: 0, dev loss: 88.36943817138672
2024-03-06 14:25:58,295:INFO: epoch: 12, train loss: 84.34813876862222
2024-03-06 14:25:59,714:INFO: epoch: 12, f1 score: 0, dev loss: 85.45696258544922
2024-03-06 14:26:05,961:INFO: epoch: 13, train loss: 84.30164998642941
2024-03-06 14:26:07,532:INFO: epoch: 13, f1 score: 0, dev loss: 90.04364776611328
2024-03-06 14:26:13,651:INFO: epoch: 14, train loss: 84.2646630469789
2024-03-06 14:26:15,032:INFO: epoch: 14, f1 score: 0, dev loss: 85.71297454833984
2024-03-06 14:26:21,423:INFO: epoch: 15, train loss: 83.0245229842815
2024-03-06 14:26:22,776:INFO: epoch: 15, f1 score: 0, dev loss: 86.0956039428711
2024-03-06 14:26:28,938:INFO: epoch: 16, train loss: 81.53718378188762
2024-03-06 14:26:30,355:INFO: epoch: 16, f1 score: 0, dev loss: 85.62684631347656
2024-03-06 14:26:30,355:INFO: Best val f1: 0.0
2024-03-06 14:26:30,355:INFO: Training Finished!
2024-03-06 14:26:30,362:INFO: -------- Process Done! --------
2024-03-06 14:26:30,378:INFO: --------Load model from ./models/BiLSTM-CRF/experiments/fnner/model.pth--------
2024-03-06 14:26:34,217:INFO: --------Records reserved !--------
2024-03-06 14:26:34,229:INFO: --------Bad Cases reserved !--------
2024-03-06 14:26:34,237:INFO: final test loss: 284.9095153808594, f1 score: 0.01003344481605351
2024-03-06 14:26:34,237:INFO: f1 score of Nutrient: 0.013100436681222707
2024-03-06 14:26:34,237:INFO: f1 score of NotNutrient: 0
2024-03-06 14:26:34,237:INFO: f1 score of Food: 0
2024-03-06 14:26:34,237:INFO: f1 score of Group: 0
2024-03-06 14:26:34,237:INFO: f1 score of Organ: 0
2024-03-06 14:26:34,237:INFO: f1 score of Disease: 0
2024-03-06 14:31:16,131:INFO: device: cpu
2024-03-06 14:31:16,149:INFO: -------- train data process DONE!--------
2024-03-06 14:31:16,153:INFO: -------- test data process DONE!--------
2024-03-06 14:31:16,164:INFO: -------- Vocabulary Build! --------
2024-03-06 14:31:16,175:INFO: -------- Process Done! --------
2024-03-06 14:31:16,176:INFO: -------- Process Done! --------
2024-03-06 14:31:23,763:INFO: epoch: 1, train loss: 343.1861675329376
2024-03-06 14:31:25,682:INFO: epoch: 1, f1 score: 0, dev loss: 268.50950863486844
2024-03-06 14:31:32,920:INFO: epoch: 2, train loss: 141.69555473327637
2024-03-06 14:31:34,584:INFO: epoch: 2, f1 score: 0, dev loss: 87.21648848684211
2024-03-06 14:31:42,024:INFO: epoch: 3, train loss: 84.75290310173703
2024-03-06 14:31:43,625:INFO: epoch: 3, f1 score: 0, dev loss: 79.29557077508224
2024-03-06 14:31:51,473:INFO: epoch: 4, train loss: 77.64940392343621
2024-03-06 14:31:53,103:INFO: epoch: 4, f1 score: 0, dev loss: 74.80356959292763
2024-03-06 14:32:00,782:INFO: epoch: 5, train loss: 74.8766675079078
2024-03-06 14:32:02,701:INFO: epoch: 5, f1 score: 0, dev loss: 75.31422825863487
2024-03-06 14:32:10,284:INFO: epoch: 6, train loss: 73.15629890508819
2024-03-06 14:32:12,071:INFO: epoch: 6, f1 score: 0, dev loss: 73.9254214638158
2024-03-06 14:32:19,601:INFO: epoch: 7, train loss: 73.31662865688926
2024-03-06 14:32:21,590:INFO: epoch: 7, f1 score: 0, dev loss: 73.44566586143092
2024-03-06 14:32:31,165:INFO: epoch: 8, train loss: 70.8839551524112
2024-03-06 14:32:32,810:INFO: epoch: 8, f1 score: 0, dev loss: 71.91875256990132
2024-03-06 14:32:40,358:INFO: epoch: 9, train loss: 70.69277577651174
2024-03-06 14:32:42,012:INFO: epoch: 9, f1 score: 0, dev loss: 71.56015496504934
2024-03-06 14:32:49,454:INFO: epoch: 10, train loss: 68.8395537660833
2024-03-06 14:32:51,107:INFO: epoch: 10, f1 score: 0, dev loss: 72.13155324835526
2024-03-06 14:32:58,710:INFO: epoch: 11, train loss: 68.6634350994177
2024-03-06 14:33:00,450:INFO: epoch: 11, f1 score: 0, dev loss: 71.39149234169408
2024-03-06 14:33:08,029:INFO: epoch: 12, train loss: 67.01281748319927
2024-03-06 14:33:09,768:INFO: epoch: 12, f1 score: 0, dev loss: 71.8820865028783
2024-03-06 14:33:17,139:INFO: epoch: 13, train loss: 66.87617981224729
2024-03-06 14:33:19,065:INFO: epoch: 13, f1 score: 0, dev loss: 70.18742290296052
2024-03-06 14:33:26,327:INFO: epoch: 14, train loss: 65.65464737540798
2024-03-06 14:33:28,053:INFO: epoch: 14, f1 score: 0, dev loss: 70.37496145148026
2024-03-06 14:33:35,998:INFO: epoch: 15, train loss: 64.1440137311032
2024-03-06 14:33:37,619:INFO: epoch: 15, f1 score: 0, dev loss: 70.01566354851974
2024-03-06 14:33:46,123:INFO: epoch: 16, train loss: 63.96854042588619
2024-03-06 14:33:48,490:INFO: epoch: 16, f1 score: 0, dev loss: 69.11468184621711
2024-03-06 14:33:48,490:INFO: Best val f1: 0.0
2024-03-06 14:33:48,490:INFO: Training Finished!
2024-03-06 14:33:48,495:INFO: -------- Process Done! --------
2024-03-06 14:33:48,514:INFO: --------Load model from ./models/BiLSTM-CRF/experiments/fnner/model.pth--------
2024-03-06 14:33:50,925:INFO: --------Records reserved !--------
2024-03-06 14:33:50,933:INFO: --------Bad Cases reserved !--------
2024-03-06 14:33:50,939:INFO: final test loss: 283.4878700657895, f1 score: 0
2024-03-06 14:33:50,939:INFO: f1 score of Nutrient: 0
2024-03-06 14:33:50,939:INFO: f1 score of NotNutrient: 0
2024-03-06 14:33:50,939:INFO: f1 score of Food: 0
2024-03-06 14:33:50,939:INFO: f1 score of Group: 0
2024-03-06 14:33:50,939:INFO: f1 score of Organ: 0
2024-03-06 14:33:50,939:INFO: f1 score of Disease: 0
2024-03-06 14:34:46,474:INFO: device: cpu
2024-03-06 14:35:05,016:INFO: device: cpu
2024-03-06 14:35:05,036:INFO: -------- train data process DONE!--------
2024-03-06 14:35:05,038:INFO: -------- test data process DONE!--------
2024-03-06 14:35:05,051:INFO: -------- Vocabulary Build! --------
2024-03-06 14:35:05,062:INFO: -------- Process Done! --------
2024-03-06 14:35:05,063:INFO: -------- Process Done! --------
2024-03-06 14:35:13,805:INFO: epoch: 1, train loss: 515.9171223640442
2024-03-06 14:35:15,822:INFO: epoch: 1, f1 score: 0, dev loss: 381.0197088068182
2024-03-06 14:35:26,019:INFO: epoch: 2, train loss: 184.99037247896194
2024-03-06 14:35:28,355:INFO: epoch: 2, f1 score: 0, dev loss: 93.91754705255681
2024-03-06 14:35:37,338:INFO: epoch: 3, train loss: 96.2128030359745
2024-03-06 14:35:39,291:INFO: epoch: 3, f1 score: 0, dev loss: 78.38308438387784
2024-03-06 14:35:48,042:INFO: epoch: 4, train loss: 91.20272986590862
2024-03-06 14:35:49,898:INFO: epoch: 4, f1 score: 0, dev loss: 74.51277299360795
2024-03-06 14:35:58,716:INFO: epoch: 5, train loss: 86.4251523911953
2024-03-06 14:36:00,691:INFO: epoch: 5, f1 score: 0, dev loss: 72.11881325461648
2024-03-06 14:36:09,907:INFO: epoch: 6, train loss: 83.56857125461102
2024-03-06 14:36:11,921:INFO: epoch: 6, f1 score: 0, dev loss: 70.92893288352273
2024-03-06 14:36:21,483:INFO: epoch: 7, train loss: 81.32953234016895
2024-03-06 14:36:23,470:INFO: epoch: 7, f1 score: 0, dev loss: 71.28656005859375
2024-03-06 14:36:55,546:INFO: device: cpu
2024-03-06 14:36:55,550:INFO: -------- Vocabulary Loaded! --------
2024-03-06 14:36:55,563:INFO: -------- Process Done! --------
2024-03-06 14:36:55,565:INFO: -------- Process Done! --------
2024-03-06 14:37:05,051:INFO: epoch: 1, train loss: 85.28742684423923
2024-03-06 14:37:06,863:INFO: epoch: 1, f1 score: 0, dev loss: 55.93027565696023
2024-03-06 14:37:15,506:INFO: epoch: 2, train loss: 50.02515325695276
2024-03-06 14:37:17,350:INFO: epoch: 2, f1 score: 0.14492753623188406, dev loss: 45.71440540660512
2024-03-06 14:37:17,371:INFO: --------Save best model!--------
2024-03-06 14:37:25,915:INFO: epoch: 3, train loss: 34.35326274484396
2024-03-06 14:37:27,752:INFO: epoch: 3, f1 score: 0.21965317919075145, dev loss: 40.12467540394176
2024-03-06 14:37:27,765:INFO: --------Save best model!--------
2024-03-06 14:37:37,461:INFO: epoch: 4, train loss: 20.28132890164852
2024-03-06 14:37:39,328:INFO: epoch: 4, f1 score: 0.39520958083832336, dev loss: 36.839807683771305
2024-03-06 14:37:39,340:INFO: --------Save best model!--------
2024-03-06 14:37:48,326:INFO: epoch: 5, train loss: 11.290602460503578
2024-03-06 14:37:50,264:INFO: epoch: 5, f1 score: 0.4539877300613496, dev loss: 45.169403076171875
2024-03-06 14:37:50,278:INFO: --------Save best model!--------
2024-03-06 14:37:59,142:INFO: epoch: 6, train loss: 6.0177787989377975
2024-03-06 14:38:01,102:INFO: epoch: 6, f1 score: 0.3981042654028436, dev loss: 47.67148659446023
2024-03-06 14:38:09,850:INFO: epoch: 7, train loss: 4.359124109148979
2024-03-06 14:38:11,752:INFO: epoch: 7, f1 score: 0.40229885057471265, dev loss: 49.38516512784091
2024-03-06 14:38:22,380:INFO: epoch: 8, train loss: 3.7326847463846207
2024-03-06 14:38:25,040:INFO: epoch: 8, f1 score: 0.5202312138728323, dev loss: 42.21166714754972
2024-03-06 14:38:25,054:INFO: --------Save best model!--------
2024-03-06 14:38:35,289:INFO: epoch: 9, train loss: 1.4897372871637344
2024-03-06 14:38:38,076:INFO: epoch: 9, f1 score: 0.5028571428571429, dev loss: 45.89717240767045
2024-03-06 14:38:50,437:INFO: epoch: 10, train loss: 0.4821763336658478
2024-03-06 14:38:53,287:INFO: epoch: 10, f1 score: 0.4727272727272727, dev loss: 52.86882435191762
2024-03-06 14:39:06,245:INFO: epoch: 11, train loss: 0.2005406618118286
2024-03-06 14:39:09,441:INFO: epoch: 11, f1 score: 0.5232558139534884, dev loss: 52.23813143643466
2024-03-06 14:39:09,462:INFO: --------Save best model!--------
2024-03-06 14:39:21,115:INFO: epoch: 12, train loss: 0.10774821043014526
2024-03-06 14:39:23,516:INFO: epoch: 12, f1 score: 0.5029239766081871, dev loss: 57.24960049715909
2024-03-06 14:39:34,305:INFO: epoch: 13, train loss: 0.07202784717082977
2024-03-06 14:39:36,620:INFO: epoch: 13, f1 score: 0.4971098265895953, dev loss: 59.15566184303977
2024-03-06 14:39:46,853:INFO: epoch: 14, train loss: 0.05011168122291565
2024-03-06 14:39:49,168:INFO: epoch: 14, f1 score: 0.5172413793103449, dev loss: 60.79723011363637
2024-03-06 14:39:59,308:INFO: epoch: 15, train loss: 0.03921942412853241
2024-03-06 14:40:01,582:INFO: epoch: 15, f1 score: 0.5287356321839081, dev loss: 61.37091619318182
2024-03-06 14:40:01,600:INFO: --------Save best model!--------
2024-03-06 14:40:13,362:INFO: epoch: 16, train loss: 0.033195123076438904
2024-03-06 14:40:16,333:INFO: epoch: 16, f1 score: 0.4883720930232558, dev loss: 62.9996337890625
2024-03-06 14:40:28,351:INFO: epoch: 17, train loss: 0.03002239763736725
2024-03-06 14:40:30,445:INFO: epoch: 17, f1 score: 0.5172413793103449, dev loss: 63.67878306995738
2024-03-06 14:40:39,872:INFO: epoch: 18, train loss: 0.02641192078590393
2024-03-06 14:40:42,005:INFO: epoch: 18, f1 score: 0.5057471264367815, dev loss: 63.76959783380682
2024-03-06 14:40:42,005:INFO: Best val f1: 0.5287356321839081
2024-03-06 14:40:42,005:INFO: Training Finished!
2024-03-06 14:40:42,010:INFO: -------- Process Done! --------
2024-03-06 14:40:42,018:INFO: --------Load model from ./models/BiLSTM-CRF/experiments/fnner/model.pth--------
2024-03-06 14:40:42,949:INFO: --------Records reserved !--------
2024-03-06 14:40:42,957:INFO: --------Bad Cases reserved !--------
2024-03-06 14:40:42,961:INFO: final test loss: 89.92767944335938, f1 score: 0.5252525252525252
2024-03-06 14:40:42,961:INFO: f1 score of Nutrient: 0.6875
2024-03-06 14:40:42,961:INFO: f1 score of NotNutrient: 0
2024-03-06 14:40:42,961:INFO: f1 score of Food: 0.5333333333333333
2024-03-06 14:40:42,961:INFO: f1 score of Group: 0.28571428571428575
2024-03-06 14:40:42,961:INFO: f1 score of Organ: 0.6666666666666666
2024-03-06 14:40:42,961:INFO: f1 score of Disease: 0.45
2024-03-06 14:47:41,740:INFO: device: cpu
2024-03-06 14:48:01,899:INFO: device: cpu
2024-03-06 14:48:01,915:INFO: -------- train data process DONE!--------
2024-03-06 14:48:01,919:INFO: -------- test data process DONE!--------
2024-03-06 14:48:01,931:INFO: -------- Vocabulary Build! --------
2024-03-06 14:48:01,942:INFO: -------- Process Done! --------
2024-03-06 14:48:01,943:INFO: -------- Process Done! --------
2024-03-06 14:48:10,518:INFO: epoch: 1, train loss: 114.98419472209194
2024-03-06 14:48:12,387:INFO: epoch: 1, f1 score: 0, dev loss: 66.39909924958882
2024-03-06 14:48:22,276:INFO: epoch: 2, train loss: 84.97394123412015
2024-03-06 14:48:24,376:INFO: epoch: 2, f1 score: 0, dev loss: 57.1091951069079
2024-03-06 14:48:31,711:INFO: epoch: 3, train loss: 64.82880876775374
2024-03-06 14:48:33,366:INFO: epoch: 3, f1 score: 0, dev loss: 48.373046875
2024-03-06 14:48:40,880:INFO: epoch: 4, train loss: 46.123132948289836
2024-03-06 14:48:42,527:INFO: epoch: 4, f1 score: 0.16279069767441862, dev loss: 40.314890008223685
2024-03-06 14:48:42,541:INFO: --------Save best model!--------
2024-03-06 14:48:50,134:INFO: epoch: 5, train loss: 31.375012247185957
2024-03-06 14:48:51,775:INFO: epoch: 5, f1 score: 0.15517241379310345, dev loss: 40.23543508429276
2024-03-06 14:48:59,500:INFO: epoch: 6, train loss: 19.95947525794046
2024-03-06 14:49:01,248:INFO: epoch: 6, f1 score: 0.24074074074074073, dev loss: 42.16069914165296
2024-03-06 14:49:01,263:INFO: --------Save best model!--------
2024-03-06 14:49:08,590:INFO: epoch: 7, train loss: 13.213334635684365
2024-03-06 14:49:10,210:INFO: epoch: 7, f1 score: 0.2884615384615385, dev loss: 47.65910580283717
2024-03-06 14:49:10,222:INFO: --------Save best model!--------
2024-03-06 14:49:17,695:INFO: epoch: 8, train loss: 6.474462224726091
2024-03-06 14:49:19,395:INFO: epoch: 8, f1 score: 0.35294117647058826, dev loss: 43.889404296875
2024-03-06 14:49:19,407:INFO: --------Save best model!--------
2024-03-06 14:49:27,165:INFO: epoch: 9, train loss: 3.2952802557694283
2024-03-06 14:49:28,841:INFO: epoch: 9, f1 score: 0.34532374100719426, dev loss: 51.78190853721217
2024-03-06 14:49:36,477:INFO: epoch: 10, train loss: 2.287881616960492
2024-03-06 14:49:38,168:INFO: epoch: 10, f1 score: 0.38260869565217387, dev loss: 55.38301166735197
2024-03-06 14:49:38,180:INFO: --------Save best model!--------
2024-03-06 14:49:45,960:INFO: epoch: 11, train loss: 1.124224344889323
2024-03-06 14:49:47,646:INFO: epoch: 11, f1 score: 0.29357798165137616, dev loss: 64.76003546463816
2024-03-06 14:49:55,402:INFO: epoch: 12, train loss: 0.5911250198096559
2024-03-06 14:49:57,067:INFO: epoch: 12, f1 score: 0.2905982905982906, dev loss: 61.13720703125
2024-03-06 14:50:05,516:INFO: epoch: 13, train loss: 1.800071816695364
2024-03-06 14:50:07,255:INFO: epoch: 13, f1 score: 0.29310344827586204, dev loss: 66.28737278988487
2024-03-06 14:50:14,799:INFO: epoch: 14, train loss: 0.5737583093475878
2024-03-06 14:50:16,519:INFO: epoch: 14, f1 score: 0.3275862068965517, dev loss: 67.58994654605263
2024-03-06 14:50:24,351:INFO: epoch: 15, train loss: 0.2906753473114549
2024-03-06 14:50:26,047:INFO: epoch: 15, f1 score: 0.3076923076923077, dev loss: 70.93378006784539
2024-03-06 14:50:33,762:INFO: epoch: 16, train loss: 0.18757813436943188
2024-03-06 14:50:35,461:INFO: epoch: 16, f1 score: 0.31304347826086953, dev loss: 71.85198010896382
2024-03-06 14:50:35,461:INFO: Best val f1: 0.38260869565217387
2024-03-06 14:50:35,461:INFO: Training Finished!
2024-03-06 14:50:35,467:INFO: -------- Process Done! --------
2024-03-06 14:50:35,485:INFO: --------Load model from ./models/BiLSTM-CRF/experiments/fnner/model.pth--------
2024-03-06 14:50:37,799:INFO: --------Records reserved !--------
2024-03-06 14:50:37,808:INFO: --------Bad Cases reserved !--------
2024-03-06 14:50:37,813:INFO: final test loss: 61.41120990953947, f1 score: 0.3924050632911392
2024-03-06 14:50:37,813:INFO: f1 score of Nutrient: 0.5454545454545455
2024-03-06 14:50:37,813:INFO: f1 score of NotNutrient: 0
2024-03-06 14:50:37,813:INFO: f1 score of Food: 0.27586206896551724
2024-03-06 14:50:37,813:INFO: f1 score of Group: 0
2024-03-06 14:50:37,813:INFO: f1 score of Organ: 0
2024-03-06 14:50:37,813:INFO: f1 score of Disease: 0.41379310344827586
2024-03-06 14:52:05,766:INFO: device: cpu
2024-03-06 14:52:05,769:INFO: -------- Vocabulary Loaded! --------
2024-03-06 14:52:05,780:INFO: -------- Process Done! --------
2024-03-06 14:52:05,781:INFO: -------- Process Done! --------
2024-03-06 14:52:13,876:INFO: epoch: 1, train loss: 115.09309413140281
2024-03-06 14:52:15,776:INFO: epoch: 1, f1 score: 0, dev loss: 62.095304790296055
2024-03-06 14:52:23,888:INFO: epoch: 2, train loss: 68.50400032913475
2024-03-06 14:52:25,477:INFO: epoch: 2, f1 score: 0.05172413793103448, dev loss: 49.17030736019737
2024-03-06 14:52:25,494:INFO: --------Save best model!--------
2024-03-06 14:52:34,925:INFO: epoch: 3, train loss: 50.018148037425256
2024-03-06 14:52:37,340:INFO: epoch: 3, f1 score: 0.16666666666666666, dev loss: 39.154550652754935
2024-03-06 14:52:37,353:INFO: --------Save best model!--------
2024-03-06 14:52:45,498:INFO: epoch: 4, train loss: 31.942056588959275
2024-03-06 14:52:47,111:INFO: epoch: 4, f1 score: 0.2753623188405797, dev loss: 40.77115350020559
2024-03-06 14:52:47,123:INFO: --------Save best model!--------
2024-03-06 14:52:55,170:INFO: epoch: 5, train loss: 20.880379225078382
2024-03-06 14:52:56,991:INFO: epoch: 5, f1 score: 0.2413793103448276, dev loss: 36.72193667763158
2024-03-06 14:53:04,451:INFO: epoch: 6, train loss: 11.261517282117877
2024-03-06 14:53:06,141:INFO: epoch: 6, f1 score: 0.26229508196721313, dev loss: 43.96982614617599
2024-03-06 14:53:14,056:INFO: epoch: 7, train loss: 8.662001685092324
2024-03-06 14:53:15,709:INFO: epoch: 7, f1 score: 0.3103448275862069, dev loss: 47.35257761101974
2024-03-06 14:53:15,724:INFO: --------Save best model!--------
2024-03-06 14:53:23,403:INFO: epoch: 8, train loss: 5.066837862918251
2024-03-06 14:53:25,368:INFO: epoch: 8, f1 score: 0.304, dev loss: 48.560334858141445
2024-03-06 14:53:33,198:INFO: epoch: 9, train loss: 2.5928678847195807
2024-03-06 14:53:34,894:INFO: epoch: 9, f1 score: 0.29565217391304344, dev loss: 49.42277446546053
2024-03-06 14:53:42,332:INFO: epoch: 10, train loss: 1.0282279064780788
2024-03-06 14:53:44,032:INFO: epoch: 10, f1 score: 0.336, dev loss: 47.61681807668585
2024-03-06 14:53:44,047:INFO: --------Save best model!--------
2024-03-06 14:53:51,818:INFO: epoch: 11, train loss: 0.4851808547973633
2024-03-06 14:53:53,730:INFO: epoch: 11, f1 score: 0.3243243243243243, dev loss: 54.22056820518092
2024-03-06 14:54:01,178:INFO: epoch: 12, train loss: 0.15309793907299377
2024-03-06 14:54:02,863:INFO: epoch: 12, f1 score: 0.3333333333333333, dev loss: 54.591462787828945
2024-03-06 14:54:10,659:INFO: epoch: 13, train loss: 0.09664699487518846
2024-03-06 14:54:13,051:INFO: epoch: 13, f1 score: 0.3636363636363637, dev loss: 56.24599737870066
2024-03-06 14:54:13,065:INFO: --------Save best model!--------
2024-03-06 14:54:20,820:INFO: epoch: 14, train loss: 0.07626339427211828
2024-03-06 14:54:22,542:INFO: epoch: 14, f1 score: 0.35185185185185186, dev loss: 58.35774311266447
2024-03-06 14:54:30,222:INFO: epoch: 15, train loss: 0.062316208554987325
2024-03-06 14:54:31,918:INFO: epoch: 15, f1 score: 0.35185185185185186, dev loss: 59.06406763980263
2024-03-06 14:54:39,301:INFO: epoch: 16, train loss: 0.055261662131861636
2024-03-06 14:54:41,301:INFO: epoch: 16, f1 score: 0.3603603603603604, dev loss: 59.53237433182566
2024-03-06 14:54:41,301:INFO: Best val f1: 0.3636363636363637
2024-03-06 14:54:41,301:INFO: Training Finished!
2024-03-06 14:54:41,306:INFO: -------- Process Done! --------
2024-03-06 14:54:41,322:INFO: --------Load model from ./models/BiLSTM-CRF/experiments/fnner/model.pth--------
2024-03-06 14:54:43,645:INFO: --------Records reserved !--------
2024-03-06 14:54:43,653:INFO: --------Bad Cases reserved !--------
2024-03-06 14:54:43,659:INFO: final test loss: 86.55380088404605, f1 score: 0.4605263157894737
2024-03-06 14:54:43,659:INFO: f1 score of Nutrient: 0.56
2024-03-06 14:54:43,659:INFO: f1 score of NotNutrient: 0
2024-03-06 14:54:43,659:INFO: f1 score of Food: 0.4827586206896552
2024-03-06 14:54:43,659:INFO: f1 score of Group: 0.2222222222222222
2024-03-06 14:54:43,659:INFO: f1 score of Organ: 0
2024-03-06 14:54:43,659:INFO: f1 score of Disease: 0.4444444444444444
2024-03-06 14:56:08,402:INFO: device: cpu
2024-03-06 14:56:08,405:INFO: -------- Vocabulary Loaded! --------
2024-03-06 14:56:08,418:INFO: -------- Process Done! --------
2024-03-06 14:56:08,420:INFO: -------- Process Done! --------
2024-03-06 14:56:16,333:INFO: epoch: 1, train loss: 110.87691358934369
2024-03-06 14:56:17,981:INFO: epoch: 1, f1 score: 0, dev loss: 83.16122275904605
2024-03-06 14:56:25,698:INFO: epoch: 2, train loss: 69.27590248877542
2024-03-06 14:56:27,267:INFO: epoch: 2, f1 score: 0.12030075187969928, dev loss: 62.58023874383224
2024-03-06 14:56:27,285:INFO: --------Save best model!--------
2024-03-06 14:56:35,866:INFO: epoch: 3, train loss: 44.93882497988249
2024-03-06 14:56:38,040:INFO: epoch: 3, f1 score: 0.030303030303030307, dev loss: 62.8673673930921
2024-03-06 14:56:47,697:INFO: epoch: 4, train loss: 32.85399585857726
2024-03-06 14:56:49,294:INFO: epoch: 4, f1 score: 0.31578947368421056, dev loss: 59.84511204769737
2024-03-06 14:56:49,307:INFO: --------Save best model!--------
2024-03-06 14:56:57,113:INFO: epoch: 5, train loss: 19.75237570310894
2024-03-06 14:56:58,743:INFO: epoch: 5, f1 score: 0.25806451612903225, dev loss: 58.69661030016447
2024-03-06 14:57:06,278:INFO: epoch: 6, train loss: 12.687944328575803
2024-03-06 14:57:07,910:INFO: epoch: 6, f1 score: 0.36046511627906974, dev loss: 71.45146741365132
2024-03-06 14:57:07,923:INFO: --------Save best model!--------
2024-03-06 14:57:17,857:INFO: epoch: 7, train loss: 6.7303056047673815
2024-03-06 14:57:20,126:INFO: epoch: 7, f1 score: 0.39344262295081966, dev loss: 68.95562422902961
2024-03-06 14:57:20,139:INFO: --------Save best model!--------
2024-03-06 14:57:28,896:INFO: epoch: 8, train loss: 5.701241677267509
2024-03-06 14:57:31,180:INFO: epoch: 8, f1 score: 0.3763440860215054, dev loss: 72.39694695723684
2024-03-06 14:57:41,261:INFO: epoch: 9, train loss: 4.667020396182411
2024-03-06 14:57:42,948:INFO: epoch: 9, f1 score: 0.36904761904761907, dev loss: 77.21701531661184
2024-03-06 14:57:50,655:INFO: epoch: 10, train loss: 3.1961769639400015
2024-03-06 14:57:52,311:INFO: epoch: 10, f1 score: 0.27499999999999997, dev loss: 86.41207082648026
2024-03-06 14:58:00,696:INFO: epoch: 11, train loss: 1.3701815019574082
2024-03-06 14:58:02,597:INFO: epoch: 11, f1 score: 0.356687898089172, dev loss: 84.0218441611842
2024-03-06 14:58:10,762:INFO: epoch: 12, train loss: 0.9275571756195604
2024-03-06 14:58:12,594:INFO: epoch: 12, f1 score: 0.43373493975903615, dev loss: 81.33438913445724
2024-03-06 14:58:12,610:INFO: --------Save best model!--------
2024-03-06 14:58:20,855:INFO: epoch: 13, train loss: 0.25969404923288447
2024-03-06 14:58:22,618:INFO: epoch: 13, f1 score: 0.4235294117647058, dev loss: 85.072265625
2024-03-06 14:58:31,088:INFO: epoch: 14, train loss: 0.14425977071126303
2024-03-06 14:58:32,922:INFO: epoch: 14, f1 score: 0.40963855421686746, dev loss: 89.97117855674342
2024-03-06 14:58:43,040:INFO: epoch: 15, train loss: 0.0940708695796498
2024-03-06 14:58:45,450:INFO: epoch: 15, f1 score: 0.41463414634146345, dev loss: 91.66761538856908
2024-03-06 14:58:55,428:INFO: epoch: 16, train loss: 0.08089644448799
2024-03-06 14:58:57,619:INFO: epoch: 16, f1 score: 0.4431137724550898, dev loss: 94.07816354851974
2024-03-06 14:58:57,641:INFO: --------Save best model!--------
2024-03-06 14:59:07,907:INFO: epoch: 17, train loss: 0.06360750031052974
2024-03-06 14:59:10,094:INFO: epoch: 17, f1 score: 0.42603550295857984, dev loss: 94.62313682154605
2024-03-06 14:59:21,546:INFO: epoch: 18, train loss: 0.05267357407954701
2024-03-06 14:59:23,760:INFO: epoch: 18, f1 score: 0.4117647058823529, dev loss: 96.23812063116776
2024-03-06 14:59:33,558:INFO: epoch: 19, train loss: 0.04619554887738144
2024-03-06 14:59:35,637:INFO: epoch: 19, f1 score: 0.4235294117647058, dev loss: 97.01175729851974
2024-03-06 14:59:35,637:INFO: Best val f1: 0.4431137724550898
2024-03-06 14:59:35,637:INFO: Training Finished!
2024-03-06 14:59:35,646:INFO: -------- Process Done! --------
2024-03-06 14:59:35,663:INFO: --------Load model from ./models/BiLSTM-CRF/experiments/fnner/model.pth--------
2024-03-06 14:59:38,126:INFO: --------Records reserved !--------
2024-03-06 14:59:38,138:INFO: --------Bad Cases reserved !--------
2024-03-06 14:59:38,147:INFO: final test loss: 98.11463687294408, f1 score: 0.3870967741935484
2024-03-06 14:59:38,147:INFO: f1 score of Nutrient: 0.64
2024-03-06 14:59:38,147:INFO: f1 score of NotNutrient: 0
2024-03-06 14:59:38,147:INFO: f1 score of Food: 0.2608695652173913
2024-03-06 14:59:38,147:INFO: f1 score of Group: 0
2024-03-06 14:59:38,147:INFO: f1 score of Organ: 0
2024-03-06 14:59:38,148:INFO: f1 score of Disease: 0.1875
2024-03-06 15:02:07,139:INFO: device: cpu
2024-03-06 15:02:07,142:INFO: -------- Vocabulary Loaded! --------
2024-03-06 15:02:07,152:INFO: -------- Process Done! --------
2024-03-06 15:02:07,154:INFO: -------- Process Done! --------
2024-03-06 15:02:14,707:INFO: epoch: 1, train loss: 117.84728955385978
2024-03-06 15:02:16,398:INFO: epoch: 1, f1 score: 0, dev loss: 74.97978130139802
2024-03-06 15:02:23,773:INFO: epoch: 2, train loss: 65.03110564382453
2024-03-06 15:02:25,437:INFO: epoch: 2, f1 score: 0.20312500000000003, dev loss: 58.3530915912829
2024-03-06 15:02:25,451:INFO: --------Save best model!--------
2024-03-06 15:02:33,083:INFO: epoch: 3, train loss: 49.66388156957794
2024-03-06 15:02:34,723:INFO: epoch: 3, f1 score: 0.22058823529411764, dev loss: 52.536611456620065
2024-03-06 15:02:34,736:INFO: --------Save best model!--------
2024-03-06 15:02:42,402:INFO: epoch: 4, train loss: 31.96042241548237
2024-03-06 15:02:44,000:INFO: epoch: 4, f1 score: 0.28571428571428575, dev loss: 51.57475200452303
2024-03-06 15:02:44,014:INFO: --------Save best model!--------
2024-03-06 15:02:52,190:INFO: epoch: 5, train loss: 21.954456279152318
2024-03-06 15:02:53,848:INFO: epoch: 5, f1 score: 0.2773722627737226, dev loss: 62.305715460526315
2024-03-06 15:03:02,272:INFO: epoch: 6, train loss: 14.970741974680047
2024-03-06 15:03:03,967:INFO: epoch: 6, f1 score: 0.3941605839416058, dev loss: 56.0116545024671
2024-03-06 15:03:03,981:INFO: --------Save best model!--------
2024-03-06 15:03:12,238:INFO: epoch: 7, train loss: 9.659219089307284
2024-03-06 15:03:14,095:INFO: epoch: 7, f1 score: 0.4084507042253521, dev loss: 62.60253263774671
2024-03-06 15:03:14,109:INFO: --------Save best model!--------
2024-03-06 15:03:21,916:INFO: epoch: 8, train loss: 4.07443894838032
2024-03-06 15:03:23,723:INFO: epoch: 8, f1 score: 0.3333333333333333, dev loss: 70.78328022203948
2024-03-06 15:03:31,797:INFO: epoch: 9, train loss: 2.2076878798635384
2024-03-06 15:03:33,448:INFO: epoch: 9, f1 score: 0.3790849673202614, dev loss: 81.84959652549342
2024-03-06 15:03:41,160:INFO: epoch: 10, train loss: 0.9781843821207682
2024-03-06 15:03:42,819:INFO: epoch: 10, f1 score: 0.36129032258064514, dev loss: 83.82279245476974
2024-03-06 15:03:51,499:INFO: epoch: 11, train loss: 0.5101762738144189
2024-03-06 15:03:53,695:INFO: epoch: 11, f1 score: 0.36601307189542487, dev loss: 88.92314710115132
2024-03-06 15:04:01,812:INFO: epoch: 12, train loss: 0.30595911594859343
2024-03-06 15:04:03,542:INFO: epoch: 12, f1 score: 0.4, dev loss: 87.21714381167763
2024-03-06 15:04:11,160:INFO: epoch: 13, train loss: 0.20197431664717824
2024-03-06 15:04:12,843:INFO: epoch: 13, f1 score: 0.41428571428571426, dev loss: 94.63883249383224
2024-03-06 15:04:12,862:INFO: --------Save best model!--------
2024-03-06 15:04:21,553:INFO: epoch: 14, train loss: 0.10522905985514323
2024-03-06 15:04:23,224:INFO: epoch: 14, f1 score: 0.3972602739726027, dev loss: 95.29302657277961
2024-03-06 15:04:31,891:INFO: epoch: 15, train loss: 0.0840140560217071
2024-03-06 15:04:33,585:INFO: epoch: 15, f1 score: 0.4, dev loss: 96.39325272409539
2024-03-06 15:04:42,083:INFO: epoch: 16, train loss: 0.0704740892376816
2024-03-06 15:04:43,772:INFO: epoch: 16, f1 score: 0.4, dev loss: 97.89739026521382
2024-03-06 15:04:43,772:INFO: Best val f1: 0.41428571428571426
2024-03-06 15:04:43,772:INFO: Training Finished!
2024-03-06 15:04:43,777:INFO: -------- Process Done! --------
2024-03-06 15:04:43,793:INFO: --------Load model from ./models/BiLSTM-CRF/experiments/fnner/model.pth--------
2024-03-06 15:04:45,435:INFO: --------Records reserved !--------
2024-03-06 15:04:45,442:INFO: --------Bad Cases reserved !--------
2024-03-06 15:04:45,447:INFO: final test loss: 86.69253700657895, f1 score: 0.4503311258278146
2024-03-06 15:04:45,447:INFO: f1 score of Nutrient: 0.6233766233766234
2024-03-06 15:04:45,447:INFO: f1 score of NotNutrient: 0
2024-03-06 15:04:45,448:INFO: f1 score of Food: 0.3448275862068966
2024-03-06 15:04:45,448:INFO: f1 score of Group: 0.16666666666666666
2024-03-06 15:04:45,448:INFO: f1 score of Organ: 0
2024-03-06 15:04:45,448:INFO: f1 score of Disease: 0.3076923076923077
2024-03-06 15:08:09,774:INFO: device: cpu
2024-03-06 15:08:09,777:INFO: -------- Vocabulary Loaded! --------
2024-03-06 15:08:09,788:INFO: -------- Process Done! --------
2024-03-06 15:08:09,789:INFO: -------- Process Done! --------
2024-03-06 15:08:17,929:INFO: epoch: 1, train loss: 99.42644771776702
2024-03-06 15:08:19,699:INFO: epoch: 1, f1 score: 0.041666666666666664, dev loss: 68.69179173519737
2024-03-06 15:08:19,713:INFO: --------Save best model!--------
2024-03-06 15:08:27,607:INFO: epoch: 2, train loss: 56.140022001768415
2024-03-06 15:08:29,286:INFO: epoch: 2, f1 score: 0.09523809523809525, dev loss: 62.263671875
2024-03-06 15:08:29,300:INFO: --------Save best model!--------
2024-03-06 15:08:36,843:INFO: epoch: 3, train loss: 39.46564301273279
2024-03-06 15:08:38,677:INFO: epoch: 3, f1 score: 0.14117647058823532, dev loss: 51.47750051398026
2024-03-06 15:08:38,690:INFO: --------Save best model!--------
2024-03-06 15:08:46,139:INFO: epoch: 4, train loss: 24.197662571020295
2024-03-06 15:08:47,796:INFO: epoch: 4, f1 score: 0.28378378378378377, dev loss: 54.29423442639803
2024-03-06 15:08:47,810:INFO: --------Save best model!--------
2024-03-06 15:08:55,591:INFO: epoch: 5, train loss: 13.325558244136342
2024-03-06 15:08:57,846:INFO: epoch: 5, f1 score: 0.25196850393700787, dev loss: 69.28316457648026
2024-03-06 15:09:05,718:INFO: epoch: 6, train loss: 7.7819767332913585
2024-03-06 15:09:07,334:INFO: epoch: 6, f1 score: 0.29577464788732394, dev loss: 63.6412995990954
2024-03-06 15:09:07,348:INFO: --------Save best model!--------
2024-03-06 15:09:15,701:INFO: epoch: 7, train loss: 4.093211625751696
2024-03-06 15:09:17,334:INFO: epoch: 7, f1 score: 0.2535211267605634, dev loss: 75.25844212582237
2024-03-06 15:09:26,022:INFO: epoch: 8, train loss: 2.1474423157541374
2024-03-06 15:09:28,250:INFO: epoch: 8, f1 score: 0.3375, dev loss: 69.16032971833882
2024-03-06 15:09:28,263:INFO: --------Save best model!--------
2024-03-06 15:09:36,388:INFO: epoch: 9, train loss: 2.2265332205253734
2024-03-06 15:09:38,722:INFO: epoch: 9, f1 score: 0.27941176470588236, dev loss: 94.34548468338816
2024-03-06 15:09:47,037:INFO: epoch: 10, train loss: 1.974781739084344
2024-03-06 15:09:48,700:INFO: epoch: 10, f1 score: 0.1910828025477707, dev loss: 92.38678299753289
2024-03-06 15:09:57,293:INFO: epoch: 11, train loss: 2.806285071791264
2024-03-06 15:09:58,958:INFO: epoch: 11, f1 score: 0.3262411347517731, dev loss: 90.3802554481908
2024-03-06 15:10:06,960:INFO: epoch: 12, train loss: 0.5232246633161578
2024-03-06 15:10:08,828:INFO: epoch: 12, f1 score: 0.35294117647058826, dev loss: 97.4943783408717
2024-03-06 15:10:08,843:INFO: --------Save best model!--------
2024-03-06 15:10:18,540:INFO: epoch: 13, train loss: 0.2810345867223907
2024-03-06 15:10:20,272:INFO: epoch: 13, f1 score: 0.38028169014084506, dev loss: 96.1922543174342
2024-03-06 15:10:20,286:INFO: --------Save best model!--------
2024-03-06 15:10:29,224:INFO: epoch: 14, train loss: 0.09471113639965392
2024-03-06 15:10:31,130:INFO: epoch: 14, f1 score: 0.39160839160839156, dev loss: 97.95322779605263
2024-03-06 15:10:31,145:INFO: --------Save best model!--------
2024-03-06 15:10:39,638:INFO: epoch: 15, train loss: 0.07825403046189693
2024-03-06 15:10:41,472:INFO: epoch: 15, f1 score: 0.39160839160839156, dev loss: 99.29878957648026
2024-03-06 15:10:50,756:INFO: epoch: 16, train loss: 0.05475633186206483
2024-03-06 15:10:52,656:INFO: epoch: 16, f1 score: 0.3776223776223776, dev loss: 101.98663008840461
2024-03-06 15:11:02,259:INFO: epoch: 17, train loss: 0.045218969646253084
2024-03-06 15:11:04,287:INFO: epoch: 17, f1 score: 0.39160839160839156, dev loss: 104.23354620682566
2024-03-06 15:11:04,288:INFO: Best val f1: 0.39160839160839156
2024-03-06 15:11:04,288:INFO: Training Finished!
2024-03-06 15:11:04,295:INFO: -------- Process Done! --------
2024-03-06 15:11:04,312:INFO: --------Load model from ./models/BiLSTM-CRF/experiments/fnner/model.pth--------
2024-03-06 15:11:06,372:INFO: --------Records reserved !--------
2024-03-06 15:11:06,385:INFO: --------Bad Cases reserved !--------
2024-03-06 15:11:06,393:INFO: final test loss: 85.09225945723684, f1 score: 0.49350649350649345
2024-03-06 15:11:06,393:INFO: f1 score of Nutrient: 0.674698795180723
2024-03-06 15:11:06,393:INFO: f1 score of NotNutrient: 0
2024-03-06 15:11:06,393:INFO: f1 score of Food: 0.46153846153846156
2024-03-06 15:11:06,393:INFO: f1 score of Group: 0
2024-03-06 15:11:06,393:INFO: f1 score of Organ: 0
2024-03-06 15:11:06,394:INFO: f1 score of Disease: 0.3076923076923077
2024-03-06 15:13:37,120:INFO: device: cpu
2024-03-06 15:13:37,124:INFO: -------- Vocabulary Loaded! --------
2024-03-06 15:13:37,134:INFO: -------- Process Done! --------
2024-03-06 15:13:37,136:INFO: -------- Process Done! --------
2024-03-06 15:13:45,795:INFO: epoch: 1, train loss: 115.38017758988498
2024-03-06 15:13:47,489:INFO: epoch: 1, f1 score: 0, dev loss: 84.95697342722039
2024-03-06 15:13:55,400:INFO: epoch: 2, train loss: 67.35277569084836
2024-03-06 15:13:57,026:INFO: epoch: 2, f1 score: 0.1129032258064516, dev loss: 63.16707570929276
2024-03-06 15:13:57,041:INFO: --------Save best model!--------
2024-03-06 15:14:04,753:INFO: epoch: 3, train loss: 46.812308503870376
2024-03-06 15:14:06,344:INFO: epoch: 3, f1 score: 0.15757575757575756, dev loss: 54.08762721011513
2024-03-06 15:14:06,356:INFO: --------Save best model!--------
2024-03-06 15:14:14,790:INFO: epoch: 4, train loss: 30.08177936286257
2024-03-06 15:14:16,518:INFO: epoch: 4, f1 score: 0.2127659574468085, dev loss: 56.61100046258224
2024-03-06 15:14:16,533:INFO: --------Save best model!--------
2024-03-06 15:14:25,239:INFO: epoch: 5, train loss: 17.79362352270829
2024-03-06 15:14:27,043:INFO: epoch: 5, f1 score: 0.20560747663551404, dev loss: 55.2344970703125
2024-03-06 15:14:35,895:INFO: epoch: 6, train loss: 11.864600449277644
2024-03-06 15:14:37,811:INFO: epoch: 6, f1 score: 0.39506172839506176, dev loss: 63.32177091899671
2024-03-06 15:14:37,825:INFO: --------Save best model!--------
2024-03-06 15:14:45,406:INFO: epoch: 7, train loss: 6.826312968605443
2024-03-06 15:14:47,069:INFO: epoch: 7, f1 score: 0.3459459459459459, dev loss: 63.9019132915296
2024-03-06 15:14:55,349:INFO: epoch: 8, train loss: 5.532641343903124
2024-03-06 15:14:56,996:INFO: epoch: 8, f1 score: 0.3350785340314136, dev loss: 64.85188373766448
2024-03-06 15:15:05,312:INFO: epoch: 9, train loss: 3.786018020228336
2024-03-06 15:15:07,018:INFO: epoch: 9, f1 score: 0.367816091954023, dev loss: 71.53312602796052
2024-03-06 15:15:15,442:INFO: epoch: 10, train loss: 1.816878368980006
2024-03-06 15:15:17,132:INFO: epoch: 10, f1 score: 0.3563218390804598, dev loss: 83.62162057976974
2024-03-06 15:15:25,679:INFO: epoch: 11, train loss: 1.0222130491022479
2024-03-06 15:15:27,352:INFO: epoch: 11, f1 score: 0.4342857142857143, dev loss: 77.33070775082237
2024-03-06 15:15:27,368:INFO: --------Save best model!--------
2024-03-06 15:15:35,703:INFO: epoch: 12, train loss: 0.3894178323578416
2024-03-06 15:15:37,532:INFO: epoch: 12, f1 score: 0.4210526315789474, dev loss: 81.3898990028783
2024-03-06 15:15:45,866:INFO: epoch: 13, train loss: 0.1985759735107422
2024-03-06 15:15:47,819:INFO: epoch: 13, f1 score: 0.41860465116279066, dev loss: 84.40934673108552
2024-03-06 15:15:55,391:INFO: epoch: 14, train loss: 0.1143531130071272
2024-03-06 15:15:57,063:INFO: epoch: 14, f1 score: 0.4235294117647059, dev loss: 86.20779579564145
2024-03-06 15:16:05,465:INFO: epoch: 15, train loss: 0.08747365181906182
2024-03-06 15:16:07,545:INFO: epoch: 15, f1 score: 0.4210526315789474, dev loss: 88.53306178042763
2024-03-06 15:16:15,349:INFO: epoch: 16, train loss: 0.06809196137545402
2024-03-06 15:16:17,364:INFO: epoch: 16, f1 score: 0.4210526315789474, dev loss: 91.0893490439967
2024-03-06 15:16:17,365:INFO: Best val f1: 0.4342857142857143
2024-03-06 15:16:17,365:INFO: Training Finished!
2024-03-06 15:16:17,370:INFO: -------- Process Done! --------
2024-03-06 15:16:17,385:INFO: --------Load model from ./models/BiLSTM-CRF/experiments/fnner/model.pth--------
2024-03-06 15:16:19,603:INFO: --------Records reserved !--------
2024-03-06 15:16:19,610:INFO: --------Bad Cases reserved !--------
2024-03-06 15:16:19,615:INFO: final test loss: 70.97870836759868, f1 score: 0.45283018867924524
2024-03-06 15:16:19,615:INFO: f1 score of Nutrient: 0.6329113924050633
2024-03-06 15:16:19,615:INFO: f1 score of NotNutrient: 0
2024-03-06 15:16:19,615:INFO: f1 score of Food: 0.4000000000000001
2024-03-06 15:16:19,615:INFO: f1 score of Group: 0.18181818181818182
2024-03-06 15:16:19,615:INFO: f1 score of Organ: 0
2024-03-06 15:16:19,615:INFO: f1 score of Disease: 0.2580645161290323
2024-03-06 15:18:52,697:INFO: device: cpu
2024-03-06 15:18:52,700:INFO: -------- Vocabulary Loaded! --------
2024-03-06 15:18:52,711:INFO: -------- Process Done! --------
2024-03-06 15:18:52,712:INFO: -------- Process Done! --------
2024-03-06 15:19:01,211:INFO: epoch: 1, train loss: 104.0645528927184
2024-03-06 15:19:02,867:INFO: epoch: 1, f1 score: 0, dev loss: 73.22401187294408
2024-03-06 15:19:11,011:INFO: epoch: 2, train loss: 54.69619249879268
2024-03-06 15:19:13,327:INFO: epoch: 2, f1 score: 0.11594202898550723, dev loss: 61.10853978207237
2024-03-06 15:19:13,343:INFO: --------Save best model!--------
2024-03-06 15:19:21,886:INFO: epoch: 3, train loss: 38.3635685485706
2024-03-06 15:19:23,733:INFO: epoch: 3, f1 score: 0.13793103448275862, dev loss: 57.80088404605263
2024-03-06 15:19:23,744:INFO: --------Save best model!--------
2024-03-06 15:19:31,632:INFO: epoch: 4, train loss: 22.844156164872018
2024-03-06 15:19:33,295:INFO: epoch: 4, f1 score: 0.25, dev loss: 72.0656802528783
2024-03-06 15:19:33,308:INFO: --------Save best model!--------
2024-03-06 15:19:41,119:INFO: epoch: 5, train loss: 13.032630753098873
2024-03-06 15:19:43,510:INFO: epoch: 5, f1 score: 0.23255813953488372, dev loss: 71.56180612664474
2024-03-06 15:19:51,970:INFO: epoch: 6, train loss: 8.056584793224669
2024-03-06 15:19:53,726:INFO: epoch: 6, f1 score: 0.2564102564102564, dev loss: 78.3762271278783
2024-03-06 15:19:53,739:INFO: --------Save best model!--------
2024-03-06 15:20:02,166:INFO: epoch: 7, train loss: 4.221720042981599
2024-03-06 15:20:03,904:INFO: epoch: 7, f1 score: 0.26315789473684204, dev loss: 86.63594777960526
2024-03-06 15:20:03,919:INFO: --------Save best model!--------
2024-03-06 15:20:12,387:INFO: epoch: 8, train loss: 3.283516432109632
2024-03-06 15:20:14,275:INFO: epoch: 8, f1 score: 0.2553191489361702, dev loss: 102.78494423314145
2024-03-06 15:20:23,220:INFO: epoch: 9, train loss: 2.0128106401677717
2024-03-06 15:20:25,294:INFO: epoch: 9, f1 score: 0.3253012048192771, dev loss: 84.19195877878289
2024-03-06 15:20:25,308:INFO: --------Save best model!--------
2024-03-06 15:20:34,081:INFO: epoch: 10, train loss: 0.8301367843360231
2024-03-06 15:20:35,886:INFO: epoch: 10, f1 score: 0.2641509433962264, dev loss: 103.46019222861842
2024-03-06 15:20:44,480:INFO: epoch: 11, train loss: 0.44404157002766925
2024-03-06 15:20:46,873:INFO: epoch: 11, f1 score: 0.319526627218935, dev loss: 99.34200889185855
2024-03-06 15:20:55,268:INFO: epoch: 12, train loss: 0.30449589511804415
2024-03-06 15:20:57,919:INFO: epoch: 12, f1 score: 0.29940119760479034, dev loss: 105.50261487458882
2024-03-06 15:21:07,437:INFO: epoch: 13, train loss: 0.20864603812234445
2024-03-06 15:21:09,603:INFO: epoch: 13, f1 score: 0.26315789473684204, dev loss: 121.16949784128289
2024-03-06 15:21:18,283:INFO: epoch: 14, train loss: 0.12356614229971902
2024-03-06 15:21:20,886:INFO: epoch: 14, f1 score: 0.3125, dev loss: 115.67515162417763
2024-03-06 15:21:30,738:INFO: epoch: 15, train loss: 0.06550203289902001
2024-03-06 15:21:33,522:INFO: epoch: 15, f1 score: 0.2926829268292683, dev loss: 115.52341180098684
2024-03-06 15:21:43,367:INFO: epoch: 16, train loss: 0.047285665545547216
2024-03-06 15:21:45,655:INFO: epoch: 16, f1 score: 0.31645569620253167, dev loss: 119.08250668174342
2024-03-06 15:21:45,656:INFO: Best val f1: 0.3253012048192771
2024-03-06 15:21:45,656:INFO: Training Finished!
2024-03-06 15:21:45,665:INFO: -------- Process Done! --------
2024-03-06 15:21:45,681:INFO: --------Load model from ./models/BiLSTM-CRF/experiments/fnner/model.pth--------
2024-03-06 15:21:48,331:INFO: --------Records reserved !--------
2024-03-06 15:21:48,342:INFO: --------Bad Cases reserved !--------
2024-03-06 15:21:48,352:INFO: final test loss: 60.95508454975329, f1 score: 0.46540880503144655
2024-03-06 15:21:48,352:INFO: f1 score of Nutrient: 0.6923076923076923
2024-03-06 15:21:48,352:INFO: f1 score of NotNutrient: 0
2024-03-06 15:21:48,352:INFO: f1 score of Food: 0.23076923076923078
2024-03-06 15:21:48,352:INFO: f1 score of Group: 0.16666666666666666
2024-03-06 15:21:48,352:INFO: f1 score of Organ: 0
2024-03-06 15:21:48,352:INFO: f1 score of Disease: 0.42857142857142855
2024-03-06 15:23:52,790:INFO: device: cpu
2024-03-06 15:23:52,793:INFO: -------- Vocabulary Loaded! --------
2024-03-06 15:23:52,803:INFO: -------- Process Done! --------
2024-03-06 15:23:52,805:INFO: -------- Process Done! --------
2024-03-06 15:24:01,414:INFO: epoch: 1, train loss: 92.51177643893058
2024-03-06 15:24:03,314:INFO: epoch: 1, f1 score: 0.05128205128205127, dev loss: 71.99483449835526
2024-03-06 15:24:03,328:INFO: --------Save best model!--------
2024-03-06 15:24:11,385:INFO: epoch: 2, train loss: 55.80362381851464
2024-03-06 15:24:13,117:INFO: epoch: 2, f1 score: 0.08064516129032258, dev loss: 58.266389545641445
2024-03-06 15:24:13,130:INFO: --------Save best model!--------
2024-03-06 15:24:20,430:INFO: epoch: 3, train loss: 39.32763341435215
2024-03-06 15:24:22,403:INFO: epoch: 3, f1 score: 0.2571428571428572, dev loss: 56.48713764391447
2024-03-06 15:24:22,414:INFO: --------Save best model!--------
2024-03-06 15:24:30,751:INFO: epoch: 4, train loss: 27.336817624276144
2024-03-06 15:24:32,486:INFO: epoch: 4, f1 score: 0.23076923076923078, dev loss: 55.97456440172697
2024-03-06 15:24:40,168:INFO: epoch: 5, train loss: 17.994849372328375
2024-03-06 15:24:41,866:INFO: epoch: 5, f1 score: 0.3191489361702128, dev loss: 55.06845574629934
2024-03-06 15:24:41,879:INFO: --------Save best model!--------
2024-03-06 15:24:49,361:INFO: epoch: 6, train loss: 10.35314615149247
2024-03-06 15:24:51,726:INFO: epoch: 6, f1 score: 0.22516556291390727, dev loss: 67.985107421875
2024-03-06 15:24:59,148:INFO: epoch: 7, train loss: 5.735436355858519
2024-03-06 15:25:00,828:INFO: epoch: 7, f1 score: 0.38857142857142857, dev loss: 71.10366339432566
2024-03-06 15:25:00,842:INFO: --------Save best model!--------
2024-03-06 15:25:09,575:INFO: epoch: 8, train loss: 6.220306028399551
2024-03-06 15:25:11,667:INFO: epoch: 8, f1 score: 0.4074074074074074, dev loss: 73.79564144736842
2024-03-06 15:25:11,682:INFO: --------Save best model!--------
2024-03-06 15:25:20,225:INFO: epoch: 9, train loss: 6.200669188248484
2024-03-06 15:25:21,952:INFO: epoch: 9, f1 score: 0.32335329341317365, dev loss: 73.85813502261513
2024-03-06 15:25:29,764:INFO: epoch: 10, train loss: 2.906447410583496
2024-03-06 15:25:31,490:INFO: epoch: 10, f1 score: 0.2993197278911564, dev loss: 89.06202456825658
2024-03-06 15:25:39,980:INFO: epoch: 11, train loss: 1.293891990393923
2024-03-06 15:25:42,166:INFO: epoch: 11, f1 score: 0.37869822485207105, dev loss: 83.69675806949013
2024-03-06 15:25:50,344:INFO: epoch: 12, train loss: 0.36376620175545676
2024-03-06 15:25:52,311:INFO: epoch: 12, f1 score: 0.3614457831325302, dev loss: 88.69210012335526
2024-03-06 15:25:59,706:INFO: epoch: 13, train loss: 0.37188280674449187
2024-03-06 15:26:02,037:INFO: epoch: 13, f1 score: 0.380952380952381, dev loss: 89.14124820106908
2024-03-06 15:26:10,638:INFO: epoch: 14, train loss: 0.2786754808927837
2024-03-06 15:26:12,595:INFO: epoch: 14, f1 score: 0.35582822085889576, dev loss: 93.75340511924342
2024-03-06 15:26:20,879:INFO: epoch: 15, train loss: 0.13413942905894496
2024-03-06 15:26:22,860:INFO: epoch: 15, f1 score: 0.37125748502994016, dev loss: 96.17269736842105
2024-03-06 15:26:30,448:INFO: epoch: 16, train loss: 0.09401627590781764
2024-03-06 15:26:32,821:INFO: epoch: 16, f1 score: 0.37125748502994016, dev loss: 97.90371222245066
2024-03-06 15:26:32,821:INFO: Best val f1: 0.4074074074074074
2024-03-06 15:26:32,821:INFO: Training Finished!
2024-03-06 15:26:32,826:INFO: -------- Process Done! --------
2024-03-06 15:26:32,841:INFO: --------Load model from ./models/BiLSTM-CRF/experiments/fnner/model.pth--------
2024-03-06 15:26:34,818:INFO: --------Records reserved !--------
2024-03-06 15:26:34,825:INFO: --------Bad Cases reserved !--------
2024-03-06 15:26:34,831:INFO: final test loss: 63.282746967516445, f1 score: 0.48717948717948717
2024-03-06 15:26:34,831:INFO: f1 score of Nutrient: 0.6666666666666666
2024-03-06 15:26:34,831:INFO: f1 score of NotNutrient: 0
2024-03-06 15:26:34,831:INFO: f1 score of Food: 0.35714285714285715
2024-03-06 15:26:34,831:INFO: f1 score of Group: 0.18181818181818182
2024-03-06 15:26:34,831:INFO: f1 score of Organ: 0
2024-03-06 15:26:34,831:INFO: f1 score of Disease: 0.4375
2024-03-06 15:26:42,283:INFO: device: cpu
2024-03-06 15:26:42,287:INFO: -------- Vocabulary Loaded! --------
2024-03-06 15:26:42,298:INFO: -------- Process Done! --------
2024-03-06 15:26:42,300:INFO: -------- Process Done! --------
2024-03-06 15:26:51,266:INFO: epoch: 1, train loss: 100.17785843631677
2024-03-06 15:26:52,862:INFO: epoch: 1, f1 score: 0, dev loss: 73.87943307976974
2024-03-06 15:27:00,697:INFO: epoch: 2, train loss: 54.55510152850235
2024-03-06 15:27:02,360:INFO: epoch: 2, f1 score: 0.25352112676056343, dev loss: 59.7957185444079
2024-03-06 15:27:02,375:INFO: --------Save best model!--------
2024-03-06 15:27:10,638:INFO: epoch: 3, train loss: 36.33775235895525
2024-03-06 15:27:13,079:INFO: epoch: 3, f1 score: 0.2754491017964072, dev loss: 54.73185007195724
2024-03-06 15:27:13,095:INFO: --------Save best model!--------
2024-03-06 15:27:22,054:INFO: epoch: 4, train loss: 22.006395490545977
2024-03-06 15:27:24,402:INFO: epoch: 4, f1 score: 0.26666666666666666, dev loss: 63.01185366981908
2024-03-06 15:27:38,357:INFO: epoch: 5, train loss: 16.2328808935065
2024-03-06 15:27:41,784:INFO: epoch: 5, f1 score: 0.33862433862433866, dev loss: 65.05901778371711
2024-03-06 15:27:41,810:INFO: --------Save best model!--------
2024-03-06 15:28:00,752:INFO: epoch: 6, train loss: 9.500597568980435
2024-03-06 15:28:04,470:INFO: epoch: 6, f1 score: 0.47252747252747257, dev loss: 69.31818590666118
2024-03-06 15:28:04,499:INFO: --------Save best model!--------
2024-03-06 15:28:19,327:INFO: epoch: 7, train loss: 5.273079085768315
2024-03-06 15:28:22,192:INFO: epoch: 7, f1 score: 0.455026455026455, dev loss: 75.04570569490132
2024-03-06 15:28:33,316:INFO: epoch: 8, train loss: 4.29561802378872
2024-03-06 15:28:35,468:INFO: epoch: 8, f1 score: 0.4536082474226804, dev loss: 68.53680741159539
2024-03-06 15:28:46,286:INFO: epoch: 9, train loss: 2.6824534064845036
2024-03-06 15:28:48,514:INFO: epoch: 9, f1 score: 0.4878048780487805, dev loss: 70.2777035361842
2024-03-06 15:28:48,533:INFO: --------Save best model!--------
2024-03-06 15:28:57,948:INFO: epoch: 10, train loss: 1.9117877357884456
2024-03-06 15:28:59,952:INFO: epoch: 10, f1 score: 0.47826086956521746, dev loss: 75.58879009046052
2024-03-06 15:29:09,782:INFO: epoch: 11, train loss: 0.606378153750771
2024-03-06 15:29:11,728:INFO: epoch: 11, f1 score: 0.4923076923076923, dev loss: 78.53433388157895
2024-03-06 15:29:11,749:INFO: --------Save best model!--------
2024-03-06 15:29:20,960:INFO: epoch: 12, train loss: 0.24813856158340186
2024-03-06 15:29:23,152:INFO: epoch: 12, f1 score: 0.4333333333333333, dev loss: 85.82452713815789
2024-03-06 15:29:32,878:INFO: epoch: 13, train loss: 0.12360097650896039
2024-03-06 15:29:34,785:INFO: epoch: 13, f1 score: 0.4480874316939891, dev loss: 87.11820903577302
2024-03-06 15:29:44,601:INFO: epoch: 14, train loss: 0.08741539403011925
2024-03-06 15:29:46,843:INFO: epoch: 14, f1 score: 0.4712041884816754, dev loss: 88.44035259046052
2024-03-06 15:29:56,268:INFO: epoch: 15, train loss: 0.06807178363465426
2024-03-06 15:29:58,141:INFO: epoch: 15, f1 score: 0.46560846560846564, dev loss: 91.04084215666118
2024-03-06 15:30:07,710:INFO: epoch: 16, train loss: 0.055856403551603616
2024-03-06 15:30:09,607:INFO: epoch: 16, f1 score: 0.4705882352941177, dev loss: 92.99672980057566
2024-03-06 15:30:09,609:INFO: Best val f1: 0.4923076923076923
2024-03-06 15:30:09,609:INFO: Training Finished!
2024-03-06 15:30:09,615:INFO: -------- Process Done! --------
2024-03-06 15:30:09,630:INFO: --------Load model from ./models/BiLSTM-CRF/experiments/fnner/model.pth--------
2024-03-06 15:30:11,549:INFO: --------Records reserved !--------
2024-03-06 15:30:11,559:INFO: --------Bad Cases reserved !--------
2024-03-06 15:30:11,567:INFO: final test loss: 71.65123226768092, f1 score: 0.440251572327044
2024-03-06 15:30:11,568:INFO: f1 score of Nutrient: 0.6027397260273972
2024-03-06 15:30:11,568:INFO: f1 score of NotNutrient: 0
2024-03-06 15:30:11,568:INFO: f1 score of Food: 0.3448275862068966
2024-03-06 15:30:11,568:INFO: f1 score of Group: 0.36363636363636365
2024-03-06 15:30:11,568:INFO: f1 score of Organ: 0
2024-03-06 15:30:11,568:INFO: f1 score of Disease: 0.41379310344827586
2024-03-06 15:30:34,216:INFO: device: cpu
2024-03-06 15:30:34,219:INFO: -------- Vocabulary Loaded! --------
2024-03-06 15:30:34,230:INFO: -------- Process Done! --------
2024-03-06 15:30:34,231:INFO: -------- Process Done! --------
2024-03-06 15:30:42,407:INFO: epoch: 1, train loss: 90.93927436962463
2024-03-06 15:30:44,195:INFO: epoch: 1, f1 score: 0, dev loss: 88.33355391652961
2024-03-06 15:30:52,600:INFO: epoch: 2, train loss: 56.78296827015124
2024-03-06 15:30:54,390:INFO: epoch: 2, f1 score: 0.10975609756097561, dev loss: 66.0911929481908
2024-03-06 15:30:54,405:INFO: --------Save best model!--------
2024-03-06 15:31:03,241:INFO: epoch: 3, train loss: 40.515558209335595
2024-03-06 15:31:05,130:INFO: epoch: 3, f1 score: 0.1965317919075145, dev loss: 58.97238641036184
2024-03-06 15:31:05,146:INFO: --------Save best model!--------
2024-03-06 15:31:13,513:INFO: epoch: 4, train loss: 27.125443274514716
2024-03-06 15:31:15,460:INFO: epoch: 4, f1 score: 0.3103448275862069, dev loss: 58.089143451891445
2024-03-06 15:31:15,476:INFO: --------Save best model!--------
2024-03-06 15:31:24,999:INFO: epoch: 5, train loss: 15.294240800957931
2024-03-06 15:31:27,586:INFO: epoch: 5, f1 score: 0.35406698564593303, dev loss: 62.20902292351974
2024-03-06 15:31:27,604:INFO: --------Save best model!--------
2024-03-06 15:31:37,207:INFO: epoch: 6, train loss: 11.009981740985001
2024-03-06 15:31:39,219:INFO: epoch: 6, f1 score: 0.39999999999999997, dev loss: 69.7261962890625
2024-03-06 15:31:39,238:INFO: --------Save best model!--------
2024-03-06 15:31:48,851:INFO: epoch: 7, train loss: 6.374474374871505
2024-03-06 15:31:51,545:INFO: epoch: 7, f1 score: 0.47413793103448276, dev loss: 66.27865439967105
2024-03-06 15:31:51,565:INFO: --------Save best model!--------
2024-03-06 15:32:01,269:INFO: epoch: 8, train loss: 3.86419453537255
2024-03-06 15:32:03,278:INFO: epoch: 8, f1 score: 0.5, dev loss: 67.21779913651316
2024-03-06 15:32:03,295:INFO: --------Save best model!--------
2024-03-06 15:32:12,972:INFO: epoch: 9, train loss: 1.339383744356925
2024-03-06 15:32:15,543:INFO: epoch: 9, f1 score: 0.5048543689320388, dev loss: 81.76157098067434
2024-03-06 15:32:15,559:INFO: --------Save best model!--------
2024-03-06 15:32:25,128:INFO: epoch: 10, train loss: 0.740303307248835
2024-03-06 15:32:27,176:INFO: epoch: 10, f1 score: 0.42718446601941745, dev loss: 88.7368099814967
2024-03-06 15:32:36,647:INFO: epoch: 11, train loss: 0.26124857183088335
2024-03-06 15:32:38,891:INFO: epoch: 11, f1 score: 0.48514851485148514, dev loss: 93.2607486122533
2024-03-06 15:32:47,868:INFO: epoch: 12, train loss: 0.1187199542396947
2024-03-06 15:32:49,813:INFO: epoch: 12, f1 score: 0.4952380952380953, dev loss: 98.1726138466283
2024-03-06 15:32:58,993:INFO: epoch: 13, train loss: 0.07736545696593168
2024-03-06 15:33:00,974:INFO: epoch: 13, f1 score: 0.4880382775119617, dev loss: 101.37379214638158
2024-03-06 15:33:10,116:INFO: epoch: 14, train loss: 0.06281549888744689
2024-03-06 15:33:12,048:INFO: epoch: 14, f1 score: 0.4672897196261682, dev loss: 103.73139391447368
2024-03-06 15:33:20,682:INFO: epoch: 15, train loss: 0.05045787075109649
2024-03-06 15:33:23,233:INFO: epoch: 15, f1 score: 0.4811320754716982, dev loss: 105.74667840254934
2024-03-06 15:33:32,398:INFO: epoch: 16, train loss: 0.040781288816217794
2024-03-06 15:33:34,310:INFO: epoch: 16, f1 score: 0.4739336492890995, dev loss: 109.415771484375
2024-03-06 15:33:34,311:INFO: Best val f1: 0.5048543689320388
2024-03-06 15:33:34,311:INFO: Training Finished!
2024-03-06 15:33:34,317:INFO: -------- Process Done! --------
2024-03-06 15:33:34,333:INFO: --------Load model from ./models/BiLSTM-CRF/experiments/fnner/model.pth--------
2024-03-06 15:33:36,192:INFO: --------Records reserved !--------
2024-03-06 15:33:36,202:INFO: --------Bad Cases reserved !--------
2024-03-06 15:33:36,210:INFO: final test loss: 63.18778268914474, f1 score: 0.4878048780487805
2024-03-06 15:33:36,210:INFO: f1 score of Nutrient: 0.7073170731707318
2024-03-06 15:33:36,210:INFO: f1 score of NotNutrient: 0
2024-03-06 15:33:36,210:INFO: f1 score of Food: 0.36842105263157887
2024-03-06 15:33:36,210:INFO: f1 score of Group: 0.2
2024-03-06 15:33:36,210:INFO: f1 score of Organ: 0
2024-03-06 15:33:36,210:INFO: f1 score of Disease: 0.23076923076923075
2024-03-06 15:34:04,404:INFO: device: cpu
2024-03-06 15:34:04,407:INFO: -------- Vocabulary Loaded! --------
2024-03-06 15:34:04,417:INFO: -------- Process Done! --------
2024-03-06 15:34:04,419:INFO: -------- Process Done! --------
2024-03-06 15:34:11,889:INFO: epoch: 1, train loss: 89.62305552499336
2024-03-06 15:34:13,877:INFO: epoch: 1, f1 score: 0, dev loss: 73.64704975328948
2024-03-06 15:34:22,434:INFO: epoch: 2, train loss: 49.21111582873161
2024-03-06 15:34:24,079:INFO: epoch: 2, f1 score: 0.09722222222222221, dev loss: 67.20282303659539
2024-03-06 15:34:24,094:INFO: --------Save best model!--------
2024-03-06 15:34:32,119:INFO: epoch: 3, train loss: 32.5204240899337
2024-03-06 15:34:33,990:INFO: epoch: 3, f1 score: 0.2658227848101266, dev loss: 63.438508686266445
2024-03-06 15:34:34,005:INFO: --------Save best model!--------
2024-03-06 15:34:42,405:INFO: epoch: 4, train loss: 20.228683019939222
2024-03-06 15:34:44,284:INFO: epoch: 4, f1 score: 0.2911392405063291, dev loss: 63.58552631578947
2024-03-06 15:34:44,300:INFO: --------Save best model!--------
2024-03-06 15:34:53,729:INFO: epoch: 5, train loss: 13.706029774849874
2024-03-06 15:34:55,867:INFO: epoch: 5, f1 score: 0.28901734104046245, dev loss: 62.65421335320724
2024-03-06 15:35:05,830:INFO: epoch: 6, train loss: 7.4085938303094165
2024-03-06 15:35:07,972:INFO: epoch: 6, f1 score: 0.37362637362637363, dev loss: 70.71012155633224
2024-03-06 15:35:07,994:INFO: --------Save best model!--------
2024-03-06 15:35:18,147:INFO: epoch: 7, train loss: 6.323410854004977
2024-03-06 15:35:20,340:INFO: epoch: 7, f1 score: 0.3947368421052631, dev loss: 74.17677708675987
2024-03-06 15:35:20,360:INFO: --------Save best model!--------
2024-03-06 15:35:30,323:INFO: epoch: 8, train loss: 4.856936220537152
2024-03-06 15:35:32,425:INFO: epoch: 8, f1 score: 0.3502824858757062, dev loss: 75.9160092002467
2024-03-06 15:35:42,763:INFO: epoch: 9, train loss: 3.1032801510994896
2024-03-06 15:35:45,039:INFO: epoch: 9, f1 score: 0.4342857142857142, dev loss: 74.68814890008224
2024-03-06 15:35:45,058:INFO: --------Save best model!--------
2024-03-06 15:35:54,513:INFO: epoch: 10, train loss: 1.7041654754103275
2024-03-06 15:35:56,637:INFO: epoch: 10, f1 score: 0.37735849056603776, dev loss: 98.86585757606908
2024-03-06 15:36:06,066:INFO: epoch: 11, train loss: 1.2243904649165638
2024-03-06 15:36:08,080:INFO: epoch: 11, f1 score: 0.3037974683544304, dev loss: 100.75758763363487
2024-03-06 15:36:17,866:INFO: epoch: 12, train loss: 0.3113936374061986
2024-03-06 15:36:20,423:INFO: epoch: 12, f1 score: 0.379746835443038, dev loss: 101.19583290501645
2024-03-06 15:36:29,087:INFO: epoch: 13, train loss: 0.15095146915368868
2024-03-06 15:36:31,164:INFO: epoch: 13, f1 score: 0.3803680981595092, dev loss: 101.34255499588816
2024-03-06 15:36:39,994:INFO: epoch: 14, train loss: 0.08774583381518983
2024-03-06 15:36:41,872:INFO: epoch: 14, f1 score: 0.3875, dev loss: 106.364013671875
2024-03-06 15:36:51,807:INFO: epoch: 15, train loss: 0.06400394439697266
2024-03-06 15:36:53,983:INFO: epoch: 15, f1 score: 0.3875, dev loss: 110.39201274671052
2024-03-06 15:37:03,353:INFO: epoch: 16, train loss: 0.04886101839835184
2024-03-06 15:37:06,184:INFO: epoch: 16, f1 score: 0.37499999999999994, dev loss: 111.93084395559211
2024-03-06 15:37:06,184:INFO: Best val f1: 0.4342857142857142
2024-03-06 15:37:06,184:INFO: Training Finished!
2024-03-06 15:37:06,191:INFO: -------- Process Done! --------
2024-03-06 15:37:06,207:INFO: --------Load model from ./models/BiLSTM-CRF/experiments/fnner/model.pth--------
2024-03-06 15:37:08,391:INFO: --------Records reserved !--------
2024-03-06 15:37:08,400:INFO: --------Bad Cases reserved !--------
2024-03-06 15:37:08,407:INFO: final test loss: 50.001737895764805, f1 score: 0.5028571428571429
2024-03-06 15:37:08,407:INFO: f1 score of Nutrient: 0.6304347826086957
2024-03-06 15:37:08,407:INFO: f1 score of NotNutrient: 0
2024-03-06 15:37:08,407:INFO: f1 score of Food: 0.42857142857142855
2024-03-06 15:37:08,407:INFO: f1 score of Group: 0.4615384615384615
2024-03-06 15:37:08,407:INFO: f1 score of Organ: 0
2024-03-06 15:37:08,407:INFO: f1 score of Disease: 0.33333333333333326
